// Vitest Snapshot v1, https://vitest.dev/guide/snapshot.html

exports[`useScheduleShare > 実際のデータでテスト > AMOKAのデータが正しく圧縮できること 1`] = `
{
  "floor": "その他",
  "image": "https://storage.googleapis.com/studio-cms-assets/projects/G3qbEkMgOJ/s-1920x1080_v-frms_webp_1c74f98b-3400-4add-b604-9e2d0b09403c_small.webp",
  "path": "/artist/AMOKA",
  "platform": [
    "PC",
  ],
  "schedules": [
    {
      "date": {
        "day": "8",
        "month": "2",
      },
      "time": {
        "hour": "21",
        "minute": "30",
      },
      "year": "2026",
    },
    {
      "date": {
        "day": "13",
        "month": "2",
      },
      "time": {
        "hour": "21",
        "minute": "30",
      },
      "year": "2026",
    },
    {
      "date": {
        "day": "7",
        "month": "3",
      },
      "time": {
        "hour": "16",
        "minute": "00",
      },
      "year": "2026",
    },
    {
      "date": {
        "day": "15",
        "month": "3",
      },
      "time": {
        "hour": "9",
        "minute": "00",
      },
      "year": "2026",
    },
  ],
  "timeSlotMinutes": 30,
  "title": "AMOKA",
  "uid": "66525903-6fd3-5bab-a399-0731773e8cd7",
}
`;

exports[`useScheduleShare > 実際のデータでテスト > AMOKAのデータが正しく圧縮できること 2`] = `
[
  {
    "schedule": {
      "date": {
        "day": 8,
        "month": 2,
        "year": 2026,
      },
      "time": {
        "hour": 21,
        "minute": 30,
      },
    },
    "uid": "66525903-6fd3-5bab-a399-0731773e8cd7",
  },
  {
    "schedule": {
      "date": {
        "day": 13,
        "month": 2,
        "year": 2026,
      },
      "time": {
        "hour": 21,
        "minute": 30,
      },
    },
    "uid": "66525903-6fd3-5bab-a399-0731773e8cd7",
  },
  {
    "schedule": {
      "date": {
        "day": 7,
        "month": 3,
        "year": 2026,
      },
      "time": {
        "hour": 16,
        "minute": 0,
      },
    },
    "uid": "66525903-6fd3-5bab-a399-0731773e8cd7",
  },
  {
    "schedule": {
      "date": {
        "day": 15,
        "month": 3,
        "year": 2026,
      },
      "time": {
        "hour": 9,
        "minute": 0,
      },
    },
    "uid": "66525903-6fd3-5bab-a399-0731773e8cd7",
  },
]
`;

exports[`useScheduleShare > 実際のデータでテスト > AMOKAのデータが正しく圧縮できること 3`] = `"rz4kBgRQoMhgwBg4wIA8DECTAgcICA"`;

exports[`useScheduleShare > 実際のデータでテスト > AMOKAのデータが正しく圧縮できること 4`] = `
[
  {
    "schedule": {
      "date": {
        "day": 8,
        "month": 2,
        "year": 2026,
      },
      "time": {
        "hour": 21,
        "minute": 30,
      },
    },
    "uid": "66525903-6fd3-5bab-a399-0731773e8cd7",
  },
  {
    "schedule": {
      "date": {
        "day": 13,
        "month": 2,
        "year": 2026,
      },
      "time": {
        "hour": 21,
        "minute": 30,
      },
    },
    "uid": "66525903-6fd3-5bab-a399-0731773e8cd7",
  },
  {
    "schedule": {
      "date": {
        "day": 7,
        "month": 3,
        "year": 2026,
      },
      "time": {
        "hour": 16,
        "minute": 0,
      },
    },
    "uid": "66525903-6fd3-5bab-a399-0731773e8cd7",
  },
  {
    "schedule": {
      "date": {
        "day": 15,
        "month": 3,
        "year": 2026,
      },
      "time": {
        "hour": 9,
        "minute": 0,
      },
    },
    "uid": "66525903-6fd3-5bab-a399-0731773e8cd7",
  },
]
`;
